0 verbose cli /usr/local/bin/node /usr/local/bin/npm
1 info using npm@11.6.2
2 info using node@v24.13.0
3 silly config load:file:/usr/local/lib/node_modules/npm/npmrc
4 silly config load:file:/Users/ananyadubey/Warranty-Vault/.npmrc
5 silly config load:file:/Users/ananyadubey/.npmrc
6 silly config load:file:/usr/local/etc/npmrc
7 verbose title npm install vite @vitejs/plugin-react
8 verbose argv "install" "--save-dev" "vite" "@vitejs/plugin-react" "--cache" "./.npm-cache"
9 verbose logfile logs-max:10 dir:/Users/ananyadubey/Warranty-Vault/.npm-cache/_logs/2026-10-03T14_45_30_009Z-
10 verbose logfile /Users/ananyadubey/Warranty-Vault/.npm-cache/_logs/2026-10-03T14_45_30_009Z-debug-0.log
11 silly logfile done cleaning log files
12 silly packumentCache heap:2348810240 maxSize:587202560 maxEntrySize:293601280
13 silly idealTree buildDeps
14 silly fetch manifest vite@*
15 silly packumentCache full:https://registry.npmjs.org/vite cache-miss
16 http fetch GET 200 https://registry.npmjs.org/vite 1207ms (cache miss)
17 silly packumentCache full:https://registry.npmjs.org/vite set size:undefined disposed:false
18 silly fetch manifest @types/node@^20.19.0 || >=22.12.0
19 silly packumentCache full:https://registry.npmjs.org/@types%2fnode cache-miss
20 http fetch GET 200 https://registry.npmjs.org/@types%2fnode 255ms (cache miss)
21 silly packumentCache full:https://registry.npmjs.org/@types%2fnode set size:undefined disposed:false
22 silly fetch manifest @vitejs/devtools@^0.7.1
23 silly packumentCache full:https://registry.npmjs.org/@vitejs%2fdevtools cache-miss
24 http fetch GET 200 https://registry.npmjs.org/@vitejs%2fdevtools 54ms (cache miss)
25 silly packumentCache full:https://registry.npmjs.org/@vitejs%2fdevtools set size:undefined disposed:false
26 silly fetch manifest @vitejs/devtools-oxc@^0.7.6
27 silly packumentCache full:https://registry.npmjs.org/@vitejs%2fdevtools-oxc cache-miss
28 http fetch GET 200 https://registry.npmjs.org/@vitejs%2fdevtools-oxc 44ms (cache miss)
29 silly packumentCache full:https://registry.npmjs.org/@vitejs%2fdevtools-oxc set size:undefined disposed:false
30 silly fetch manifest @vitejs/devtools-rolldown@^0.7.6
31 silly packumentCache full:https://registry.npmjs.org/@vitejs%2fdevtools-rolldown cache-miss
32 http fetch GET 200 https://registry.npmjs.org/@vitejs%2fdevtools-rolldown 36ms (cache miss)
33 silly packumentCache full:https://registry.npmjs.org/@vitejs%2fdevtools-rolldown set size:undefined disposed:false
34 silly fetch manifest @vitejs/devtools-vite@^0.7.6
35 silly packumentCache full:https://registry.npmjs.org/@vitejs%2fdevtools-vite cache-miss
36 http fetch GET 200 https://registry.npmjs.org/@vitejs%2fdevtools-vite 44ms (cache miss)
37 silly packumentCache full:https://registry.npmjs.org/@vitejs%2fdevtools-vite set size:undefined disposed:false
38 silly fetch manifest @vitejs/devtools-vitest@^0.7.6
39 silly packumentCache full:https://registry.npmjs.org/@vitejs%2fdevtools-vitest cache-miss
40 http fetch GET 200 https://registry.npmjs.org/@vitejs%2fdevtools-vitest 40ms (cache miss)
41 silly packumentCache full:https://registry.npmjs.org/@vitejs%2fdevtools-vitest set size:undefined disposed:false
42 silly fetch manifest vitest@*
43 silly packumentCache full:https://registry.npmjs.org/vitest cache-miss
44 http fetch GET 200 https://registry.npmjs.org/vitest 96ms (cache miss)
45 silly packumentCache full:https://registry.npmjs.org/vitest set size:undefined disposed:false
46 silly fetch manifest @edge-runtime/vm@*
47 silly packumentCache full:https://registry.npmjs.org/@edge-runtime%2fvm cache-miss
48 http fetch GET 200 https://registry.npmjs.org/@edge-runtime%2fvm 41ms (cache miss)
49 silly packumentCache full:https://registry.npmjs.org/@edge-runtime%2fvm set size:undefined disposed:false
50 silly fetch manifest @opentelemetry/api@^1.9.0
51 silly packumentCache full:https://registry.npmjs.org/@opentelemetry%2fapi cache-miss
52 http fetch GET 200 https://registry.npmjs.org/@opentelemetry%2fapi 261ms (cache miss)
53 silly packumentCache full:https://registry.npmjs.org/@opentelemetry%2fapi set size:undefined disposed:false
54 silly fetch manifest @vitest/browser-playwright@5.0.3
55 silly packumentCache full:https://registry.npmjs.org/@vitest%2fbrowser-playwright cache-miss
56 http fetch GET 200 https://registry.npmjs.org/@vitest%2fbrowser-playwright 48ms (cache miss)
57 silly packumentCache full:https://registry.npmjs.org/@vitest%2fbrowser-playwright set size:undefined disposed:false
58 silly fetch manifest playwright@*
59 silly packumentCache full:https://registry.npmjs.org/playwright cache-miss
60 http fetch GET 200 https://registry.npmjs.org/playwright 492ms (cache miss)
61 silly packumentCache full:https://registry.npmjs.org/playwright set size:undefined disposed:false
62 silly fetch manifest @vitest/browser-preview@5.0.3
63 silly packumentCache full:https://registry.npmjs.org/@vitest%2fbrowser-preview cache-miss
64 http fetch GET 200 https://registry.npmjs.org/@vitest%2fbrowser-preview 260ms (cache miss)
65 silly packumentCache full:https://registry.npmjs.org/@vitest%2fbrowser-preview set size:undefined disposed:false
66 silly fetch manifest @vitest/browser-webdriverio@^5.0.0-beta.5 || >=5.0.0
67 silly packumentCache full:https://registry.npmjs.org/@vitest%2fbrowser-webdriverio cache-miss
68 http fetch GET 200 https://registry.npmjs.org/@vitest%2fbrowser-webdriverio 257ms (cache miss)
69 silly packumentCache full:https://registry.npmjs.org/@vitest%2fbrowser-webdriverio set size:undefined disposed:false
70 silly fetch manifest webdriverio@*
71 silly packumentCache full:https://registry.npmjs.org/webdriverio cache-miss
72 http fetch GET 200 https://registry.npmjs.org/webdriverio 114ms (cache miss)
73 silly packumentCache full:https://registry.npmjs.org/webdriverio set size:undefined disposed:false
74 silly fetch manifest puppeteer-core@>=22.x <=24.x
75 silly packumentCache full:https://registry.npmjs.org/puppeteer-core cache-miss
76 http fetch GET 200 https://registry.npmjs.org/puppeteer-core 68ms (cache miss)
77 silly packumentCache full:https://registry.npmjs.org/puppeteer-core set size:undefined disposed:false
78 silly fetch manifest @vitest/coverage-istanbul@5.0.3
79 silly packumentCache full:https://registry.npmjs.org/@vitest%2fcoverage-istanbul cache-miss
80 http fetch GET 200 https://registry.npmjs.org/@vitest%2fcoverage-istanbul 261ms (cache miss)
81 silly packumentCache full:https://registry.npmjs.org/@vitest%2fcoverage-istanbul set size:undefined disposed:false
82 silly fetch manifest @vitest/coverage-v8@5.0.3
83 silly packumentCache full:https://registry.npmjs.org/@vitest%2fcoverage-v8 cache-miss
84 http fetch GET 200 https://registry.npmjs.org/@vitest%2fcoverage-v8 57ms (cache miss)
85 silly packumentCache full:https://registry.npmjs.org/@vitest%2fcoverage-v8 set size:undefined disposed:false
86 silly fetch manifest @vitest/browser@5.0.3
87 silly packumentCache full:https://registry.npmjs.org/@vitest%2fbrowser cache-miss
88 http fetch GET 200 https://registry.npmjs.org/@vitest%2fbrowser 75ms (cache miss)
89 silly packumentCache full:https://registry.npmjs.org/@vitest%2fbrowser set size:undefined disposed:false
90 silly fetch manifest @vitest/ui@5.0.3
91 silly packumentCache full:https://registry.npmjs.org/@vitest%2fui cache-miss
92 http fetch GET 200 https://registry.npmjs.org/@vitest%2fui 283ms (cache miss)
93 silly packumentCache full:https://registry.npmjs.org/@vitest%2fui set size:undefined disposed:false
94 silly fetch manifest happy-dom@*
95 silly packumentCache full:https://registry.npmjs.org/happy-dom cache-miss
96 http fetch GET 200 https://registry.npmjs.org/happy-dom 101ms (cache miss)
97 silly packumentCache full:https://registry.npmjs.org/happy-dom set size:undefined disposed:false
98 silly fetch manifest jsdom@*
99 silly packumentCache full:https://registry.npmjs.org/jsdom cache-miss
100 http fetch GET 200 https://registry.npmjs.org/jsdom 45ms (cache miss)
101 silly packumentCache full:https://registry.npmjs.org/jsdom set size:undefined disposed:false
102 silly fetch manifest canvas@^3.0.0
103 silly packumentCache full:https://registry.npmjs.org/canvas cache-miss
104 http fetch GET 200 https://registry.npmjs.org/canvas 44ms (cache miss)
105 silly packumentCache full:https://registry.npmjs.org/canvas set size:undefined disposed:false
106 silly fetch manifest esbuild@^0.27.0 || ^0.28.0
107 silly packumentCache full:https://registry.npmjs.org/esbuild cache-miss
108 http fetch GET 200 https://registry.npmjs.org/esbuild 84ms (cache miss)
109 silly packumentCache full:https://registry.npmjs.org/esbuild set size:undefined disposed:false
110 silly fetch manifest jiti@>=1.21.0
111 silly packumentCache full:https://registry.npmjs.org/jiti cache-miss
112 http fetch GET 200 https://registry.npmjs.org/jiti 42ms (cache miss)
113 silly packumentCache full:https://registry.npmjs.org/jiti set size:undefined disposed:false
114 silly fetch manifest less@^4.0.0
115 silly packumentCache full:https://registry.npmjs.org/less cache-miss
116 http fetch GET 200 https://registry.npmjs.org/less 46ms (cache miss)
117 silly packumentCache full:https://registry.npmjs.org/less set size:undefined disposed:false
118 silly fetch manifest sass@^1.70.0
119 silly packumentCache full:https://registry.npmjs.org/sass cache-miss
120 http fetch GET 200 https://registry.npmjs.org/sass 69ms (cache miss)
121 silly packumentCache full:https://registry.npmjs.org/sass set size:undefined disposed:false
122 silly fetch manifest sass-embedded@^1.70.0
123 silly packumentCache full:https://registry.npmjs.org/sass-embedded cache-miss
124 http fetch GET 200 https://registry.npmjs.org/sass-embedded 36ms (cache miss)
125 silly packumentCache full:https://registry.npmjs.org/sass-embedded set size:undefined disposed:false
126 silly fetch manifest stylus@>=0.54.8
127 silly packumentCache full:https://registry.npmjs.org/stylus cache-miss
128 http fetch GET 200 https://registry.npmjs.org/stylus 42ms (cache miss)
129 silly packumentCache full:https://registry.npmjs.org/stylus set size:undefined disposed:false
130 silly fetch manifest sugarss@^5.0.0
131 silly packumentCache full:https://registry.npmjs.org/sugarss cache-miss
132 http fetch GET 200 https://registry.npmjs.org/sugarss 31ms (cache miss)
133 silly packumentCache full:https://registry.npmjs.org/sugarss set size:undefined disposed:false
134 silly fetch manifest postcss@^8.3.3
135 silly packumentCache full:https://registry.npmjs.org/postcss cache-miss
136 http fetch GET 200 https://registry.npmjs.org/postcss 43ms (cache miss)
137 silly packumentCache full:https://registry.npmjs.org/postcss set size:undefined disposed:false
138 silly fetch manifest terser@^5.16.0
139 silly packumentCache full:https://registry.npmjs.org/terser cache-miss
140 http fetch GET 200 https://registry.npmjs.org/terser 70ms (cache miss)
141 silly packumentCache full:https://registry.npmjs.org/terser set size:undefined disposed:false
142 silly fetch manifest tsx@^4.8.1
143 silly packumentCache full:https://registry.npmjs.org/tsx cache-miss
144 http fetch GET 200 https://registry.npmjs.org/tsx 41ms (cache miss)
145 silly packumentCache full:https://registry.npmjs.org/tsx set size:undefined disposed:false
146 silly fetch manifest yaml@^2.4.2
147 silly packumentCache full:https://registry.npmjs.org/yaml cache-miss
148 http fetch GET 200 https://registry.npmjs.org/yaml 35ms (cache miss)
149 silly packumentCache full:https://registry.npmjs.org/yaml set size:undefined disposed:false
150 silly fetch manifest @vitejs/plugin-react@*
151 silly packumentCache full:https://registry.npmjs.org/@vitejs%2fplugin-react cache-miss
152 http fetch GET 200 https://registry.npmjs.org/@vitejs%2fplugin-react 338ms (cache miss)
153 silly packumentCache full:https://registry.npmjs.org/@vitejs%2fplugin-react set size:undefined disposed:false
154 silly fetch manifest @rolldown/plugin-babel@^0.1.7 || ^0.2.0
155 silly packumentCache full:https://registry.npmjs.org/@rolldown%2fplugin-babel cache-miss
156 http fetch GET 200 https://registry.npmjs.org/@rolldown%2fplugin-babel 332ms (cache miss)
157 silly packumentCache full:https://registry.npmjs.org/@rolldown%2fplugin-babel set size:undefined disposed:false
158 silly fetch manifest @babel/core@^7.29.0 || ^8.0.0-rc.1
159 silly packumentCache full:https://registry.npmjs.org/@babel%2fcore cache-miss
160 http fetch GET 200 https://registry.npmjs.org/@babel%2fcore 70ms (cache miss)
161 silly packumentCache full:https://registry.npmjs.org/@babel%2fcore set size:undefined disposed:false
162 silly fetch manifest @babel/plugin-transform-runtime@^7.29.0 || ^8.0.0-rc.1
163 silly packumentCache full:https://registry.npmjs.org/@babel%2fplugin-transform-runtime cache-miss
164 http fetch GET 200 https://registry.npmjs.org/@babel%2fplugin-transform-runtime 54ms (cache miss)
165 silly packumentCache full:https://registry.npmjs.org/@babel%2fplugin-transform-runtime set size:undefined disposed:false
166 silly fetch manifest @babel/runtime@^7.27.0 || ^8.0.0-rc.1
167 silly packumentCache full:https://registry.npmjs.org/@babel%2fruntime cache-miss
168 http fetch GET 200 https://registry.npmjs.org/@babel%2fruntime 154ms (cache miss)
169 silly packumentCache full:https://registry.npmjs.org/@babel%2fruntime set size:undefined disposed:false
170 silly fetch manifest rolldown@^1.0.0-rc.5
171 silly packumentCache full:https://registry.npmjs.org/rolldown cache-miss
172 http fetch GET 200 https://registry.npmjs.org/rolldown 379ms (cache miss)
173 silly packumentCache full:https://registry.npmjs.org/rolldown set size:undefined disposed:false
174 silly fetch manifest babel-plugin-react-compiler@^1.0.0
175 silly packumentCache full:https://registry.npmjs.org/babel-plugin-react-compiler cache-miss
176 http fetch GET 200 https://registry.npmjs.org/babel-plugin-react-compiler 75ms (cache miss)
177 silly packumentCache full:https://registry.npmjs.org/babel-plugin-react-compiler set size:undefined disposed:false
178 silly fetch manifest oxc-transform-react@^0.145.0
179 silly packumentCache full:https://registry.npmjs.org/oxc-transform-react cache-miss
180 http fetch GET 200 https://registry.npmjs.org/oxc-transform-react 27ms (cache miss)
181 silly packumentCache full:https://registry.npmjs.org/oxc-transform-react set size:undefined disposed:false
182 silly placeDep ROOT @vitejs/plugin-react@6.1.1 OK for: warranty-vault@1.0.0 want: *
183 silly placeDep ROOT vite@8.3.2 OK for: @vitejs/plugin-react@6.1.1 want: ^8.0.0
184 silly placeDep ROOT vite@8.3.2 REPLACE for: warranty-vault@1.0.0 want: *
185 silly fetch manifest @rolldown/pluginutils@^1.0.1
186 silly packumentCache full:https://registry.npmjs.org/@rolldown%2fpluginutils cache-miss
187 silly fetch manifest postcss@^8.5.28
188 silly packumentCache full:https://registry.npmjs.org/postcss cache-miss
189 silly fetch manifest rolldown@~1.2.11
190 silly packumentCache full:https://registry.npmjs.org/rolldown cache-miss
191 silly fetch manifest picomatch@^4.0.7
192 silly packumentCache full:https://registry.npmjs.org/picomatch cache-miss
193 silly fetch manifest tinyglobby@^0.2.17
194 silly packumentCache full:https://registry.npmjs.org/tinyglobby cache-miss
195 silly fetch manifest lightningcss@^1.33.0
196 silly packumentCache full:https://registry.npmjs.org/lightningcss cache-miss
197 silly fetch manifest fsevents@~2.3.3
198 silly packumentCache full:https://registry.npmjs.org/fsevents cache-miss
199 http cache https://registry.npmjs.org/postcss 14ms (cache hit)
200 silly packumentCache full:https://registry.npmjs.org/postcss set size:766699 disposed:false
201 silly fetch manifest rolldown@~1.2.11
202 silly packumentCache full:https://registry.npmjs.org/rolldown cache-miss
203 http cache https://registry.npmjs.org/rolldown 25ms (cache hit)
204 silly packumentCache full:https://registry.npmjs.org/rolldown set size:3841440 disposed:false
205 silly fetch manifest picomatch@^4.0.7
206 silly packumentCache full:https://registry.npmjs.org/picomatch cache-miss
207 http cache https://registry.npmjs.org/rolldown 23ms (cache hit)
208 silly packumentCache full:https://registry.npmjs.org/rolldown set size:3841440 disposed:false
209 silly fetch manifest tinyglobby@^0.2.17
210 silly packumentCache full:https://registry.npmjs.org/tinyglobby cache-miss
211 http fetch GET 200 https://registry.npmjs.org/@rolldown%2fpluginutils 66ms (cache miss)
212 silly packumentCache full:https://registry.npmjs.org/@rolldown%2fpluginutils set size:undefined disposed:false
213 silly fetch manifest lightningcss@^1.33.0
214 silly packumentCache full:https://registry.npmjs.org/lightningcss cache-miss
215 http fetch GET 200 https://registry.npmjs.org/tinyglobby 88ms (cache miss)
216 silly packumentCache full:https://registry.npmjs.org/tinyglobby set size:undefined disposed:false
217 silly fetch manifest fsevents@~2.3.3
218 silly packumentCache full:https://registry.npmjs.org/fsevents cache-miss
219 http fetch GET 200 https://registry.npmjs.org/fsevents 96ms (cache miss)
220 silly packumentCache full:https://registry.npmjs.org/fsevents set size:undefined disposed:false
221 http fetch GET 200 https://registry.npmjs.org/lightningcss 37ms (cache miss)
222 silly packumentCache full:https://registry.npmjs.org/lightningcss set size:undefined disposed:false
223 http fetch GET 200 https://registry.npmjs.org/lightningcss 112ms (cache miss)
224 silly packumentCache full:https://registry.npmjs.org/lightningcss set size:undefined disposed:false
225 http fetch GET 200 https://registry.npmjs.org/picomatch 113ms (cache miss)
226 silly packumentCache full:https://registry.npmjs.org/picomatch set size:undefined disposed:false
227 http fetch GET 200 https://registry.npmjs.org/tinyglobby 67ms (cache miss)
228 silly packumentCache full:https://registry.npmjs.org/tinyglobby set size:undefined disposed:false
229 http fetch GET 200 https://registry.npmjs.org/picomatch 84ms (cache miss)
230 silly packumentCache full:https://registry.npmjs.org/picomatch set size:undefined disposed:false
231 http fetch GET 200 https://registry.npmjs.org/fsevents 47ms (cache miss)
232 silly packumentCache full:https://registry.npmjs.org/fsevents set size:undefined disposed:false
233 silly placeDep ROOT @rolldown/pluginutils@1.0.1 OK for: @vitejs/plugin-react@6.1.1 want: ^1.0.1
234 silly placeDep ROOT fsevents@2.3.3 OK for: vite@8.3.2 want: ~2.3.3
235 silly placeDep ROOT lightningcss@1.33.0 OK for: vite@8.3.2 want: ^1.33.0
236 silly placeDep ROOT picomatch@4.0.7 OK for: vite@8.3.2 want: ^4.0.7
237 silly placeDep ROOT postcss@8.5.28 OK for: vite@8.3.2 want: ^8.5.28
238 silly placeDep ROOT rolldown@1.2.12 OK for: vite@8.3.2 want: ~1.2.11
239 silly placeDep ROOT tinyglobby@0.2.17 OK for: vite@8.3.2 want: ^0.2.17
240 silly fetch manifest detect-libc@^2.0.3
241 silly packumentCache full:https://registry.npmjs.org/detect-libc cache-miss
242 silly fetch manifest lightningcss-darwin-x64@1.33.0
243 silly packumentCache full:https://registry.npmjs.org/lightningcss-darwin-x64 cache-miss
244 silly fetch manifest lightningcss-linux-x64-gnu@1.33.0
245 silly packumentCache full:https://registry.npmjs.org/lightningcss-linux-x64-gnu cache-miss
246 silly fetch manifest lightningcss-win32-x64-msvc@1.33.0
247 silly packumentCache full:https://registry.npmjs.org/lightningcss-win32-x64-msvc cache-miss
248 silly fetch manifest lightningcss-win32-arm64-msvc@1.33.0
249 silly packumentCache full:https://registry.npmjs.org/lightningcss-win32-arm64-msvc cache-miss
250 silly fetch manifest lightningcss-darwin-arm64@1.33.0
251 silly packumentCache full:https://registry.npmjs.org/lightningcss-darwin-arm64 cache-miss
252 silly fetch manifest lightningcss-linux-arm64-gnu@1.33.0
253 silly packumentCache full:https://registry.npmjs.org/lightningcss-linux-arm64-gnu cache-miss
254 http fetch GET 200 https://registry.npmjs.org/detect-libc 25ms (cache miss)
255 silly packumentCache full:https://registry.npmjs.org/detect-libc set size:undefined disposed:false
256 silly fetch manifest lightningcss-linux-arm-gnueabihf@1.33.0
257 silly packumentCache full:https://registry.npmjs.org/lightningcss-linux-arm-gnueabihf cache-miss
258 http fetch GET 200 https://registry.npmjs.org/lightningcss-linux-arm64-gnu 30ms (cache miss)
259 silly packumentCache full:https://registry.npmjs.org/lightningcss-linux-arm64-gnu set size:undefined disposed:false
260 silly fetch manifest lightningcss-linux-arm64-musl@1.33.0
261 silly packumentCache full:https://registry.npmjs.org/lightningcss-linux-arm64-musl cache-miss
262 http fetch GET 200 https://registry.npmjs.org/lightningcss-darwin-x64 31ms (cache miss)
263 silly packumentCache full:https://registry.npmjs.org/lightningcss-darwin-x64 set size:undefined disposed:false
264 silly fetch manifest lightningcss-linux-x64-musl@1.33.0
265 silly packumentCache full:https://registry.npmjs.org/lightningcss-linux-x64-musl cache-miss
266 http fetch GET 200 https://registry.npmjs.org/lightningcss-linux-x64-gnu 33ms (cache miss)
267 silly packumentCache full:https://registry.npmjs.org/lightningcss-linux-x64-gnu set size:undefined disposed:false
268 silly fetch manifest lightningcss-freebsd-x64@1.33.0
269 silly packumentCache full:https://registry.npmjs.org/lightningcss-freebsd-x64 cache-miss
270 http fetch GET 200 https://registry.npmjs.org/lightningcss-darwin-arm64 35ms (cache miss)
271 silly packumentCache full:https://registry.npmjs.org/lightningcss-darwin-arm64 set size:undefined disposed:false
272 silly fetch manifest lightningcss-android-arm64@1.33.0
273 silly packumentCache full:https://registry.npmjs.org/lightningcss-android-arm64 cache-miss
274 http fetch GET 200 https://registry.npmjs.org/lightningcss-win32-arm64-msvc 37ms (cache miss)
275 silly packumentCache full:https://registry.npmjs.org/lightningcss-win32-arm64-msvc set size:undefined disposed:false
276 silly fetch manifest nanoid@^3.3.18
277 silly packumentCache full:https://registry.npmjs.org/nanoid cache-miss
278 http fetch GET 200 https://registry.npmjs.org/lightningcss-win32-x64-msvc 39ms (cache miss)
279 silly packumentCache full:https://registry.npmjs.org/lightningcss-win32-x64-msvc set size:undefined disposed:false
280 silly fetch manifest picocolors@^1.1.1
281 silly packumentCache full:https://registry.npmjs.org/picocolors cache-miss
282 http fetch GET 200 https://registry.npmjs.org/lightningcss-linux-arm-gnueabihf 37ms (cache miss)
283 silly packumentCache full:https://registry.npmjs.org/lightningcss-linux-arm-gnueabihf set size:undefined disposed:false
284 silly fetch manifest source-map-js@^1.2.1
285 silly packumentCache full:https://registry.npmjs.org/source-map-js cache-miss
286 http fetch GET 200 https://registry.npmjs.org/lightningcss-freebsd-x64 31ms (cache miss)
287 silly packumentCache full:https://registry.npmjs.org/lightningcss-freebsd-x64 set size:undefined disposed:false
288 silly fetch manifest @oxc-project/types@=0.152.0
289 silly packumentCache full:https://registry.npmjs.org/@oxc-project%2ftypes cache-miss
290 http fetch GET 200 https://registry.npmjs.org/lightningcss-android-arm64 35ms (cache miss)
291 silly packumentCache full:https://registry.npmjs.org/lightningcss-android-arm64 set size:undefined disposed:false
292 silly fetch manifest @rolldown/binding-darwin-x64@1.2.12
293 silly packumentCache full:https://registry.npmjs.org/@rolldown%2fbinding-darwin-x64 cache-miss
294 http fetch GET 200 https://registry.npmjs.org/lightningcss-linux-arm64-musl 41ms (cache miss)
295 silly packumentCache full:https://registry.npmjs.org/lightningcss-linux-arm64-musl set size:undefined disposed:false
296 silly fetch manifest @rolldown/binding-freebsd-x64@1.2.12
297 silly packumentCache full:https://registry.npmjs.org/@rolldown%2fbinding-freebsd-x64 cache-miss
298 http fetch GET 200 https://registry.npmjs.org/lightningcss-linux-x64-musl 41ms (cache miss)
299 silly packumentCache full:https://registry.npmjs.org/lightningcss-linux-x64-musl set size:undefined disposed:false
300 silly fetch manifest @rolldown/binding-darwin-arm64@1.2.12
301 silly packumentCache full:https://registry.npmjs.org/@rolldown%2fbinding-darwin-arm64 cache-miss
302 http fetch GET 200 https://registry.npmjs.org/picocolors 34ms (cache miss)
303 silly packumentCache full:https://registry.npmjs.org/picocolors set size:undefined disposed:false
304 silly fetch manifest @rolldown/binding-android-arm64@1.2.12
305 silly packumentCache full:https://registry.npmjs.org/@rolldown%2fbinding-android-arm64 cache-miss
306 http fetch GET 200 https://registry.npmjs.org/nanoid 44ms (cache miss)
307 silly packumentCache full:https://registry.npmjs.org/nanoid set size:undefined disposed:false
308 silly fetch manifest @rolldown/binding-linux-x64-gnu@1.2.12
309 silly packumentCache full:https://registry.npmjs.org/@rolldown%2fbinding-linux-x64-gnu cache-miss
310 http fetch GET 200 https://registry.npmjs.org/source-map-js 27ms (cache miss)
311 silly packumentCache full:https://registry.npmjs.org/source-map-js set size:undefined disposed:false
312 silly fetch manifest @rolldown/binding-linux-x64-musl@1.2.12
313 silly packumentCache full:https://registry.npmjs.org/@rolldown%2fbinding-linux-x64-musl cache-miss
314 http fetch GET 200 https://registry.npmjs.org/@oxc-project%2ftypes 54ms (cache miss)
315 silly packumentCache full:https://registry.npmjs.org/@oxc-project%2ftypes set size:undefined disposed:false
316 silly fetch manifest @rolldown/binding-win32-x64-msvc@1.2.12
317 silly packumentCache full:https://registry.npmjs.org/@rolldown%2fbinding-win32-x64-msvc cache-miss
318 http fetch GET 200 https://registry.npmjs.org/@rolldown%2fbinding-android-arm64 59ms (cache miss)
319 silly packumentCache full:https://registry.npmjs.org/@rolldown%2fbinding-android-arm64 set size:undefined disposed:false
320 silly fetch manifest @rolldown/binding-linux-arm64-gnu@1.2.12
321 silly packumentCache full:https://registry.npmjs.org/@rolldown%2fbinding-linux-arm64-gnu cache-miss
322 http fetch GET 200 https://registry.npmjs.org/@rolldown%2fbinding-linux-x64-musl 82ms (cache miss)
323 silly packumentCache full:https://registry.npmjs.org/@rolldown%2fbinding-linux-x64-musl set size:undefined disposed:false
324 silly fetch manifest @rolldown/binding-linux-ppc64-gnu@1.2.12
325 silly packumentCache full:https://registry.npmjs.org/@rolldown%2fbinding-linux-ppc64-gnu cache-miss
326 http fetch GET 200 https://registry.npmjs.org/@rolldown%2fbinding-freebsd-x64 109ms (cache miss)
327 silly packumentCache full:https://registry.npmjs.org/@rolldown%2fbinding-freebsd-x64 set size:undefined disposed:false
328 silly fetch manifest @rolldown/binding-linux-s390x-gnu@1.2.12
329 silly packumentCache full:https://registry.npmjs.org/@rolldown%2fbinding-linux-s390x-gnu cache-miss
330 http fetch GET 200 https://registry.npmjs.org/@rolldown%2fbinding-darwin-x64 117ms (cache miss)
331 silly packumentCache full:https://registry.npmjs.org/@rolldown%2fbinding-darwin-x64 set size:undefined disposed:false
332 silly fetch manifest @rolldown/binding-android-arm-eabi@1.2.12
333 silly packumentCache full:https://registry.npmjs.org/@rolldown%2fbinding-android-arm-eabi cache-miss
334 http fetch GET 200 https://registry.npmjs.org/@rolldown%2fbinding-darwin-arm64 120ms (cache miss)
335 silly packumentCache full:https://registry.npmjs.org/@rolldown%2fbinding-darwin-arm64 set size:undefined disposed:false
336 silly fetch manifest @rolldown/binding-linux-arm64-musl@1.2.12
337 silly packumentCache full:https://registry.npmjs.org/@rolldown%2fbinding-linux-arm64-musl cache-miss
338 http fetch GET 200 https://registry.npmjs.org/@rolldown%2fbinding-linux-x64-gnu 123ms (cache miss)
339 silly packumentCache full:https://registry.npmjs.org/@rolldown%2fbinding-linux-x64-gnu set size:undefined disposed:false
340 silly fetch manifest @rolldown/binding-win32-arm64-msvc@1.2.12
341 silly packumentCache full:https://registry.npmjs.org/@rolldown%2fbinding-win32-arm64-msvc cache-miss
342 http fetch GET 200 https://registry.npmjs.org/@rolldown%2fbinding-win32-x64-msvc 92ms (cache miss)
343 silly packumentCache full:https://registry.npmjs.org/@rolldown%2fbinding-win32-x64-msvc set size:undefined disposed:false
344 silly fetch manifest @rolldown/binding-openharmony-arm64@1.2.12
345 silly packumentCache full:https://registry.npmjs.org/@rolldown%2fbinding-openharmony-arm64 cache-miss
346 http fetch GET 200 https://registry.npmjs.org/@rolldown%2fbinding-linux-ppc64-gnu 42ms (cache miss)
347 silly packumentCache full:https://registry.npmjs.org/@rolldown%2fbinding-linux-ppc64-gnu set size:undefined disposed:false
348 silly fetch manifest @rolldown/binding-linux-arm-gnueabihf@1.2.12
349 silly packumentCache full:https://registry.npmjs.org/@rolldown%2fbinding-linux-arm-gnueabihf cache-miss
350 http fetch GET 200 https://registry.npmjs.org/@rolldown%2fbinding-linux-arm64-gnu 96ms (cache miss)
351 silly packumentCache full:https://registry.npmjs.org/@rolldown%2fbinding-linux-arm64-gnu set size:undefined disposed:false
352 silly fetch manifest fdir@^6.5.0
353 silly packumentCache full:https://registry.npmjs.org/fdir cache-miss
354 http fetch GET 200 https://registry.npmjs.org/@rolldown%2fbinding-android-arm-eabi 42ms (cache miss)
355 silly packumentCache full:https://registry.npmjs.org/@rolldown%2fbinding-android-arm-eabi set size:undefined disposed:false
356 http fetch GET 200 https://registry.npmjs.org/@rolldown%2fbinding-linux-s390x-gnu 51ms (cache miss)
357 silly packumentCache full:https://registry.npmjs.org/@rolldown%2fbinding-linux-s390x-gnu set size:undefined disposed:false
358 http fetch GET 200 https://registry.npmjs.org/@rolldown%2fbinding-openharmony-arm64 52ms (cache miss)
359 silly packumentCache full:https://registry.npmjs.org/@rolldown%2fbinding-openharmony-arm64 set size:undefined disposed:false
360 http fetch GET 200 https://registry.npmjs.org/fdir 47ms (cache miss)
361 silly packumentCache full:https://registry.npmjs.org/fdir set size:undefined disposed:false
362 http fetch GET 200 https://registry.npmjs.org/@rolldown%2fbinding-linux-arm-gnueabihf 69ms (cache miss)
363 silly packumentCache full:https://registry.npmjs.org/@rolldown%2fbinding-linux-arm-gnueabihf set size:undefined disposed:false
364 http fetch GET 200 https://registry.npmjs.org/@rolldown%2fbinding-linux-arm64-musl 95ms (cache miss)
365 silly packumentCache full:https://registry.npmjs.org/@rolldown%2fbinding-linux-arm64-musl set size:undefined disposed:false
366 http fetch GET 200 https://registry.npmjs.org/@rolldown%2fbinding-win32-arm64-msvc 99ms (cache miss)
367 silly packumentCache full:https://registry.npmjs.org/@rolldown%2fbinding-win32-arm64-msvc set size:undefined disposed:false
368 silly placeDep ROOT detect-libc@2.1.2 OK for: lightningcss@1.33.0 want: ^2.0.3
369 silly placeDep ROOT lightningcss-android-arm64@1.33.0 OK for: lightningcss@1.33.0 want: 1.33.0
370 silly placeDep ROOT lightningcss-darwin-arm64@1.33.0 OK for: lightningcss@1.33.0 want: 1.33.0
371 silly placeDep ROOT lightningcss-darwin-x64@1.33.0 OK for: lightningcss@1.33.0 want: 1.33.0
372 silly placeDep ROOT lightningcss-freebsd-x64@1.33.0 OK for: lightningcss@1.33.0 want: 1.33.0
373 silly placeDep ROOT lightningcss-linux-arm-gnueabihf@1.33.0 OK for: lightningcss@1.33.0 want: 1.33.0
374 silly placeDep ROOT lightningcss-linux-arm64-gnu@1.33.0 OK for: lightningcss@1.33.0 want: 1.33.0
375 silly placeDep ROOT lightningcss-linux-arm64-musl@1.33.0 OK for: lightningcss@1.33.0 want: 1.33.0
376 silly placeDep ROOT lightningcss-linux-x64-gnu@1.33.0 OK for: lightningcss@1.33.0 want: 1.33.0
377 silly placeDep ROOT lightningcss-linux-x64-musl@1.33.0 OK for: lightningcss@1.33.0 want: 1.33.0
378 silly placeDep ROOT lightningcss-win32-arm64-msvc@1.33.0 OK for: lightningcss@1.33.0 want: 1.33.0
379 silly placeDep ROOT lightningcss-win32-x64-msvc@1.33.0 OK for: lightningcss@1.33.0 want: 1.33.0
380 silly placeDep ROOT nanoid@3.3.19 OK for: postcss@8.5.28 want: ^3.3.18
381 silly placeDep ROOT picocolors@1.1.1 OK for: postcss@8.5.28 want: ^1.1.1
382 silly placeDep ROOT source-map-js@1.2.2 OK for: postcss@8.5.28 want: ^1.2.1
383 silly placeDep ROOT @oxc-project/types@0.152.0 OK for: rolldown@1.2.12 want: =0.152.0
384 silly placeDep ROOT @rolldown/binding-android-arm-eabi@1.2.12 OK for: rolldown@1.2.12 want: 1.2.12
385 silly placeDep ROOT @rolldown/binding-android-arm64@1.2.12 OK for: rolldown@1.2.12 want: 1.2.12
386 silly placeDep ROOT @rolldown/binding-darwin-arm64@1.2.12 OK for: rolldown@1.2.12 want: 1.2.12
387 silly placeDep ROOT @rolldown/binding-darwin-x64@1.2.12 OK for: rolldown@1.2.12 want: 1.2.12
388 silly placeDep ROOT @rolldown/binding-freebsd-x64@1.2.12 OK for: rolldown@1.2.12 want: 1.2.12
389 silly placeDep ROOT @rolldown/binding-linux-arm-gnueabihf@1.2.12 OK for: rolldown@1.2.12 want: 1.2.12
390 silly placeDep ROOT @rolldown/binding-linux-arm64-gnu@1.2.12 OK for: rolldown@1.2.12 want: 1.2.12
391 silly placeDep ROOT @rolldown/binding-linux-arm64-musl@1.2.12 OK for: rolldown@1.2.12 want: 1.2.12
392 silly placeDep ROOT @rolldown/binding-linux-ppc64-gnu@1.2.12 OK for: rolldown@1.2.12 want: 1.2.12
393 silly placeDep ROOT @rolldown/binding-linux-s390x-gnu@1.2.12 OK for: rolldown@1.2.12 want: 1.2.12
394 silly placeDep ROOT @rolldown/binding-linux-x64-gnu@1.2.12 OK for: rolldown@1.2.12 want: 1.2.12
395 silly placeDep ROOT @rolldown/binding-linux-x64-musl@1.2.12 OK for: rolldown@1.2.12 want: 1.2.12
396 silly placeDep ROOT @rolldown/binding-openharmony-arm64@1.2.12 OK for: rolldown@1.2.12 want: 1.2.12
397 silly placeDep ROOT @rolldown/binding-win32-arm64-msvc@1.2.12 OK for: rolldown@1.2.12 want: 1.2.12
398 silly placeDep ROOT @rolldown/binding-win32-x64-msvc@1.2.12 OK for: rolldown@1.2.12 want: 1.2.12
399 silly fetch manifest picomatch@^4.0.4
400 silly packumentCache full:https://registry.npmjs.org/picomatch cache-miss
401 http cache https://registry.npmjs.org/picomatch 4ms (cache hit)
402 silly packumentCache full:https://registry.npmjs.org/picomatch set size:134451 disposed:false
403 silly placeDep ROOT fdir@6.5.0 OK for: tinyglobby@0.2.17 want: ^6.5.0
404 silly reify moves {}
405 silly audit bulk request {
405 silly audit   'lucide-react': [ '1.51.0' ],
405 silly audit   react: [ '19.3.0' ],
405 silly audit   'react-dom': [ '19.3.0' ],
405 silly audit   scheduler: [ '0.28.0' ],
405 silly audit   '@vitejs/plugin-react': [ '6.1.1' ],
405 silly audit   vite: [ '8.3.2' ],
405 silly audit   '@rolldown/pluginutils': [ '1.0.1' ],
405 silly audit   fsevents: [ '2.3.3' ],
405 silly audit   lightningcss: [ '1.33.0' ],
405 silly audit   picomatch: [ '4.0.7' ],
405 silly audit   postcss: [ '8.5.28' ],
405 silly audit   rolldown: [ '1.2.12' ],
405 silly audit   tinyglobby: [ '0.2.17' ],
405 silly audit   'detect-libc': [ '2.1.2' ],
405 silly audit   'lightningcss-android-arm64': [ '1.33.0' ],
405 silly audit   'lightningcss-darwin-arm64': [ '1.33.0' ],
405 silly audit   'lightningcss-darwin-x64': [ '1.33.0' ],
405 silly audit   'lightningcss-freebsd-x64': [ '1.33.0' ],
405 silly audit   'lightningcss-linux-arm-gnueabihf': [ '1.33.0' ],
405 silly audit   'lightningcss-linux-arm64-gnu': [ '1.33.0' ],
405 silly audit   'lightningcss-linux-arm64-musl': [ '1.33.0' ],
405 silly audit   'lightningcss-linux-x64-gnu': [ '1.33.0' ],
405 silly audit   'lightningcss-linux-x64-musl': [ '1.33.0' ],
405 silly audit   'lightningcss-win32-arm64-msvc': [ '1.33.0' ],
405 silly audit   'lightningcss-win32-x64-msvc': [ '1.33.0' ],
405 silly audit   nanoid: [ '3.3.19' ],
405 silly audit   picocolors: [ '1.1.1' ],
405 silly audit   'source-map-js': [ '1.2.2' ],
405 silly audit   '@oxc-project/types': [ '0.152.0' ],
405 silly audit   '@rolldown/binding-android-arm-eabi': [ '1.2.12' ],
405 silly audit   '@rolldown/binding-android-arm64': [ '1.2.12' ],
405 silly audit   '@rolldown/binding-darwin-arm64': [ '1.2.12' ],
405 silly audit   '@rolldown/binding-darwin-x64': [ '1.2.12' ],
405 silly audit   '@rolldown/binding-freebsd-x64': [ '1.2.12' ],
405 silly audit   '@rolldown/binding-linux-arm-gnueabihf': [ '1.2.12' ],
405 silly audit   '@rolldown/binding-linux-arm64-gnu': [ '1.2.12' ],
405 silly audit   '@rolldown/binding-linux-arm64-musl': [ '1.2.12' ],
405 silly audit   '@rolldown/binding-linux-ppc64-gnu': [ '1.2.12' ],
405 silly audit   '@rolldown/binding-linux-s390x-gnu': [ '1.2.12' ],
405 silly audit   '@rolldown/binding-linux-x64-gnu': [ '1.2.12' ],
405 silly audit   '@rolldown/binding-linux-x64-musl': [ '1.2.12' ],
405 silly audit   '@rolldown/binding-openharmony-arm64': [ '1.2.12' ],
405 silly audit   '@rolldown/binding-win32-arm64-msvc': [ '1.2.12' ],
405 silly audit   '@rolldown/binding-win32-x64-msvc': [ '1.2.12' ],
405 silly audit   fdir: [ '6.5.0' ]
405 silly audit }
406 http cache fdir@https://registry.npmjs.org/fdir/-/fdir-6.5.0.tgz 0ms (cache hit)
407 http cache @oxc-project/types@https://registry.npmjs.org/@oxc-project/types/-/types-0.152.0.tgz 0ms (cache hit)
408 http cache source-map-js@https://registry.npmjs.org/source-map-js/-/source-map-js-1.2.2.tgz 0ms (cache hit)
409 http cache picocolors@https://registry.npmjs.org/picocolors/-/picocolors-1.1.1.tgz 0ms (cache hit)
410 http cache nanoid@https://registry.npmjs.org/nanoid/-/nanoid-3.3.19.tgz 0ms (cache hit)
411 http cache lightningcss-darwin-arm64@https://registry.npmjs.org/lightningcss-darwin-arm64/-/lightningcss-darwin-arm64-1.33.0.tgz 0ms (cache hit)
412 http cache detect-libc@https://registry.npmjs.org/detect-libc/-/detect-libc-2.1.2.tgz 0ms (cache hit)
413 http cache tinyglobby@https://registry.npmjs.org/tinyglobby/-/tinyglobby-0.2.17.tgz 0ms (cache hit)
414 http cache rolldown@https://registry.npmjs.org/rolldown/-/rolldown-1.2.12.tgz 0ms (cache hit)
415 http cache picomatch@https://registry.npmjs.org/picomatch/-/picomatch-4.0.7.tgz 0ms (cache hit)
416 http cache postcss@https://registry.npmjs.org/postcss/-/postcss-8.5.28.tgz 0ms (cache hit)
417 http cache fsevents@https://registry.npmjs.org/fsevents/-/fsevents-2.3.3.tgz 0ms (cache hit)
418 http cache vite@https://registry.npmjs.org/vite/-/vite-8.3.2.tgz 0ms (cache hit)
419 http cache @rolldown/pluginutils@https://registry.npmjs.org/@rolldown/pluginutils/-/pluginutils-1.0.1.tgz 0ms (cache hit)
420 http cache @vitejs/plugin-react@https://registry.npmjs.org/@vitejs/plugin-react/-/plugin-react-6.1.1.tgz 0ms (cache hit)
421 http cache lightningcss@https://registry.npmjs.org/lightningcss/-/lightningcss-1.33.0.tgz 0ms (cache hit)
422 http cache @rolldown/binding-darwin-arm64@https://registry.npmjs.org/@rolldown/binding-darwin-arm64/-/binding-darwin-arm64-1.2.12.tgz 0ms (cache hit)
423 silly tarball no local data for fdir@https://registry.npmjs.org/fdir/-/fdir-6.5.0.tgz. Extracting by manifest.
424 silly tarball no local data for @oxc-project/types@https://registry.npmjs.org/@oxc-project/types/-/types-0.152.0.tgz. Extracting by manifest.
425 silly tarball no local data for source-map-js@https://registry.npmjs.org/source-map-js/-/source-map-js-1.2.2.tgz. Extracting by manifest.
426 silly tarball no local data for picocolors@https://registry.npmjs.org/picocolors/-/picocolors-1.1.1.tgz. Extracting by manifest.
427 silly tarball no local data for nanoid@https://registry.npmjs.org/nanoid/-/nanoid-3.3.19.tgz. Extracting by manifest.
428 silly tarball no local data for lightningcss-darwin-arm64@https://registry.npmjs.org/lightningcss-darwin-arm64/-/lightningcss-darwin-arm64-1.33.0.tgz. Extracting by manifest.
429 silly tarball no local data for detect-libc@https://registry.npmjs.org/detect-libc/-/detect-libc-2.1.2.tgz. Extracting by manifest.
430 silly tarball no local data for tinyglobby@https://registry.npmjs.org/tinyglobby/-/tinyglobby-0.2.17.tgz. Extracting by manifest.
431 silly tarball no local data for rolldown@https://registry.npmjs.org/rolldown/-/rolldown-1.2.12.tgz. Extracting by manifest.
432 silly tarball no local data for picomatch@https://registry.npmjs.org/picomatch/-/picomatch-4.0.7.tgz. Extracting by manifest.
433 silly tarball no local data for postcss@https://registry.npmjs.org/postcss/-/postcss-8.5.28.tgz. Extracting by manifest.
434 silly tarball no local data for fsevents@https://registry.npmjs.org/fsevents/-/fsevents-2.3.3.tgz. Extracting by manifest.
435 silly tarball no local data for vite@https://registry.npmjs.org/vite/-/vite-8.3.2.tgz. Extracting by manifest.
436 silly tarball no local data for @rolldown/pluginutils@https://registry.npmjs.org/@rolldown/pluginutils/-/pluginutils-1.0.1.tgz. Extracting by manifest.
437 silly tarball no local data for @vitejs/plugin-react@https://registry.npmjs.org/@vitejs/plugin-react/-/plugin-react-6.1.1.tgz. Extracting by manifest.
438 silly tarball no local data for lightningcss@https://registry.npmjs.org/lightningcss/-/lightningcss-1.33.0.tgz. Extracting by manifest.
439 silly tarball no local data for @rolldown/binding-darwin-arm64@https://registry.npmjs.org/@rolldown/binding-darwin-arm64/-/binding-darwin-arm64-1.2.12.tgz. Extracting by manifest.
440 http fetch GET 200 https://registry.npmjs.org/picocolors/-/picocolors-1.1.1.tgz 49ms (cache miss)
441 http fetch GET 200 https://registry.npmjs.org/nanoid/-/nanoid-3.3.19.tgz 50ms (cache miss)
442 http fetch GET 200 https://registry.npmjs.org/fdir/-/fdir-6.5.0.tgz 50ms (cache miss)
443 http fetch GET 200 https://registry.npmjs.org/source-map-js/-/source-map-js-1.2.2.tgz 55ms (cache miss)
444 http fetch GET 200 https://registry.npmjs.org/@oxc-project/types/-/types-0.152.0.tgz 64ms (cache miss)
445 http fetch GET 200 https://registry.npmjs.org/lightningcss/-/lightningcss-1.33.0.tgz 74ms (cache miss)
446 http fetch GET 200 https://registry.npmjs.org/@vitejs/plugin-react/-/plugin-react-6.1.1.tgz 110ms (cache miss)
447 http fetch GET 200 https://registry.npmjs.org/tinyglobby/-/tinyglobby-0.2.17.tgz 123ms (cache miss)
448 http fetch GET 200 https://registry.npmjs.org/detect-libc/-/detect-libc-2.1.2.tgz 125ms (cache miss)
449 http fetch GET 200 https://registry.npmjs.org/fsevents/-/fsevents-2.3.3.tgz 126ms (cache miss)
450 http fetch GET 200 https://registry.npmjs.org/@rolldown/pluginutils/-/pluginutils-1.0.1.tgz 127ms (cache miss)
451 http fetch GET 200 https://registry.npmjs.org/picomatch/-/picomatch-4.0.7.tgz 127ms (cache miss)
452 http fetch GET 200 https://registry.npmjs.org/postcss/-/postcss-8.5.28.tgz 132ms (cache miss)
453 http fetch POST 200 https://registry.npmjs.org/-/npm/v1/security/advisories/bulk 286ms
454 silly audit report {}
455 http fetch GET 200 https://registry.npmjs.org/lightningcss-darwin-arm64/-/lightningcss-darwin-arm64-1.33.0.tgz 738ms (cache miss)
456 http fetch GET 200 https://registry.npmjs.org/rolldown/-/rolldown-1.2.12.tgz 895ms (cache miss)
457 http fetch GET 200 https://registry.npmjs.org/vite/-/vite-8.3.2.tgz 1144ms (cache miss)
458 http fetch GET 200 https://registry.npmjs.org/@rolldown/binding-darwin-arm64/-/binding-darwin-arm64-1.2.12.tgz 2266ms (cache miss)
459 info run fsevents@2.3.3 install node_modules/fsevents node-gyp rebuild
460 info run fsevents@2.3.3 install { code: 1, signal: null }
461 verbose reify failed optional dependency /Users/ananyadubey/Warranty-Vault/node_modules/fsevents
462 silly reify mark deleted [ '/Users/ananyadubey/Warranty-Vault/node_modules/fsevents' ]
463 silly ADD node_modules/fdir
464 silly ADD node_modules/@rolldown/binding-darwin-arm64
465 silly ADD node_modules/@oxc-project/types
466 silly ADD node_modules/source-map-js
467 silly ADD node_modules/picocolors
468 silly ADD node_modules/nanoid
469 silly ADD node_modules/lightningcss-darwin-arm64
470 silly ADD node_modules/detect-libc
471 silly ADD node_modules/tinyglobby
472 silly ADD node_modules/rolldown
473 silly ADD node_modules/postcss
474 silly ADD node_modules/picomatch
475 silly ADD node_modules/lightningcss
476 silly ADD
477 silly ADD node_modules/@rolldown/pluginutils
478 silly ADD node_modules/vite
479 silly ADD node_modules/@vitejs/plugin-react
480 verbose cwd /Users/ananyadubey/Warranty-Vault
481 verbose os Darwin 22.1.0
482 verbose node v24.13.0
483 verbose npm  v11.6.2
484 verbose exit 0
485 info ok
